--- Tsuke on Isolated Stone (L10) ---
[tsuke] 相手に密着した【ツケ】の一手です（K11）。 (Sev: 2)
--- Contact with Connected Stones (L10) ---
No facts detected.
--- Proper Hane ---
[hane] 相手を抑え込む【ハネ】です（K10）。 (Sev: 2)
--- Hane with Purity Violation ---
No facts detected.
--- Nobi (Enemy nearby) ---
[nobi] 力強く【ノビ】た一手です（L12）。 (Sev: 2)
--- Narabi (Peaceful) ---
[narabi] どっしりと【ナラビ】た一手です（L12）。 (Sev: 2)
--- Atari vs Nobi Priority ---
[butsukari] 正面から当たる【ブツカリ】です（L12）。 (Sev: 2)
